// Jest Snapshot v1, https://goo.gl/fbAQLP

exports[`rendering 1`] = `
<View
  style={
    Array [
      Object {
        "paddingBottom": 10,
        "paddingTop": 10,
      },
      Object {
        "paddingLeft": 10,
        "paddingRight": 10,
      },
      Object {
        "flexDirection": "row",
      },
      Object {
        "alignItems": "center",
      },
      Object {
        "backgroundColor": "#FFF",
      },
      Object {
        "borderBottomWidth": 0.4,
        "borderColor": "#C8C8C8",
      },
    ]
  }
>
  Test
</View>
`;
