// Jest Snapshot v1, https://goo.gl/fbAQLP

exports[`action SET_INIT 1`] = `
Object {
  "type": "INIT_STATE",
}
`;

exports[`reducer SET_INIT 1`] = `
Object {
  "categoryProblem": Array [],
  "newProblem": Object {
    "description": "",
    "priority_id": 0,
    "problem_type_id": 0,
    "report_id": null,
    "topic": "",
  },
  "notification": Array [],
  "priority": Array [],
  "problem": Array [],
  "timetable": Array [],
}
`;

exports[`reducer default 1`] = `
Object {
  "categoryProblem": Array [],
  "newProblem": Object {
    "description": "",
    "priority_id": 0,
    "problem_type_id": 0,
    "report_id": null,
    "topic": "",
  },
  "notification": Array [],
  "priority": Array [],
  "problem": Array [],
  "timetable": Array [],
}
`;
